

@S |Clock Optimization Summary



#### START OF PREMAP CLOCK OPTIMIZATION REPORT #####[

1 non-gated/non-generated clock tree(s) driving 233 clock pin(s) of sequential element(s)
1 gated/generated clock tree(s) driving 264 clock pin(s) of sequential element(s)
0 instances converted, 264 sequential instances remain driven by gated/generated clocks

================================ Non-Gated/Non-Generated Clocks =================================
Clock Tree ID     Driving Element     Drive Element Type     Fanout     Sample Instance          
-------------------------------------------------------------------------------------------------
@KP:ckid0_2       u_HSOSC.CLKHF       HSOSC                  233        frequency_counter_i[27:0]
=================================================================================================
======================================================= Gated/Generated Clocks =======================================================
Clock Tree ID     Driving Element     Drive Element Type     Unconverted Fanout     Sample Instance     Explanation                   
--------------------------------------------------------------------------------------------------------------------------------------
@KP:ckid0_1       ENCRYPTED           IB                     264                    ENCRYPTED           Clock Optimization not enabled
======================================================================================================================================


##### END OF CLOCK OPTIMIZATION REPORT ######

